Contents of BMT data                                            15:10 Sunday, November 28, 2021   1

The CONTENTS Procedure

Data Set Name        WORK.BMT                      Observations          43
Member Type          DATA                          Variables             6 
Engine               V9                            Indexes               0 
Created              11/28/2021 15:10:51           Observation Length    48
Last Modified        11/28/2021 15:10:51           Deleted Observations  0 
Protection                                         Compressed            NO
Data Set Type                                      Sorted                NO
Label                                                                      
Data Representation  WINDOWS_64                                            
Encoding             wlatin1  Western (Windows)                            


                                 Engine/Host Dependent Information

Data Set Page Size          65536                                                                  
Number of Data Set Pages    1                                                                      
First Data Page             1                                                                      
Max Obs per Page            1361                                                                   
Obs in First Data Page      43                                                                     
Number of Data Set Repairs  0                                                                      
ExtendObsCounter            YES                                                                    
Filename                    C:\Users\agalecki\AppData\Local\Temp\SAS Temporary                     
                            Files\_TD19480_LTGER047_\bmt.sas7bdat                                  
Release Created             9.0401M4                                                               
Host Created                X64_10PRO                                                              
Owner Name                  UMHS\agalecki                                                          
File Size                   128KB                                                                  
File Size (bytes)           131072                                                                 


               Alphabetic List of Variables and Attributes
 
#    Variable    Type    Len    Label

1    allo        Num       8    Transplant: allogenic/autologus          
2    hodgkins    Num       8    Hodgkins disease/Non-Hodgkins lymphoma   
5    kscore      Num       8    The pretransplant Karnofsky score        
4    status      Num       8    Status: 1=dead or relapsed , 0= otherwise
3    time        Num       8    Leukemia-free survival (in days)         
6    wtime       Num       8    Waiting time to transplant (in months)   
BMT data n=43                                                   15:10 Sunday, November 28, 2021   2

Obs    allo    hodgkins    time    status    kscore    wtime

  1      1         0         28       1         90       24 
  2      1         0         32       1         30        7 
  3      1         0         49       1         40        8 
  4      1         0         84       1         60       10 
  5      1         0        357       1         70       42 
  6      1         0        933       0         90        9 
  7      1         0       1078       0        100       16 
  8      1         0       1183       0         90       16 
  9      1         0       1560       0         80       20 
 10      1         0       2114       0         80       27 
 11      1         0       2144       0         90        5 
 12      0         0         42       1         80       19 
 13      0         0         53       1         90       17 
 14      0         0         57       1         30        9 
 15      0         0         63       1         60       13 
 16      0         0         81       1         50       12 
 17      0         0        140       1        100       11 
 18      0         0        176       1         80       38 
 19      0         0        210       0         90       16 
 20      0         0        252       1         90       21 
 21      0         0        476       0         90       24 
 22      0         0        524       1         90       30 
 23      0         0       1037       0         90       84 
 24      1         1          2       1         20       34 
 25      1         1          4       1         50       28 
 26      1         1         72       1         80       59 
 27      1         1         77       1         60      102 
 28      1         1         79       1         70       71 
 29      0         1         30       1         90       73 
 30      0         1         36       1         80       61 
 31      0         1         41       1         70       34 
 32      0         1         52       1         60       18 
 33      0         1         62       1         90       40 
 34      0         1        108       1         70       65 
 35      0         1        132       1         60       17 
 36      0         1        180       0        100       61 
 37      0         1        307       0        100       24 
 38      0         1        406       0        100       48 
 39      0         1        446       0        100       52 
 40      0         1        484       0         90       84 
 41      0         1        748       0         90      171 
 42      0         1       1290       0         90       20 
 43      0         1       1345       0         80       98 
Frequencies for selected variables                              15:10 Sunday, November 28, 2021   3

The FREQ Procedure

            Hodgkins disease/Non-Hodgkins lymphoma
 
                                     Cumulative    Cumulative
hodgkins    Frequency     Percent     Frequency      Percent
ƒƒƒƒƒƒƒƒƒƒƒƒƒƒƒƒƒƒƒƒƒƒƒƒƒƒƒƒƒƒƒƒƒƒƒƒƒƒƒƒƒƒƒƒƒƒƒƒƒƒƒƒƒƒƒƒƒƒƒƒƒ
       0          23       53.49            23        53.49  
       1          20       46.51            43       100.00  


             Transplant: allogenic/autologus
 
                                 Cumulative    Cumulative
allo    Frequency     Percent     Frequency      Percent
ƒƒƒƒƒƒƒƒƒƒƒƒƒƒƒƒƒƒƒƒƒƒƒƒƒƒƒƒƒƒƒƒƒƒƒƒƒƒƒƒƒƒƒƒƒƒƒƒƒƒƒƒƒƒƒƒƒ
   0          27       62.79            27        62.79  
   1          16       37.21            43       100.00  


         Status: 1=dead or relapsed , 0= otherwise
 
                                   Cumulative    Cumulative
status    Frequency     Percent     Frequency      Percent
ƒƒƒƒƒƒƒƒƒƒƒƒƒƒƒƒƒƒƒƒƒƒƒƒƒƒƒƒƒƒƒƒƒƒƒƒƒƒƒƒƒƒƒƒƒƒƒƒƒƒƒƒƒƒƒƒƒƒƒ
     0          17       39.53            17        39.53  
     1          26       60.47            43       100.00  


Table of hodgkins by allo

hodgkins(Hodgkins disease/Non-Hodgkins lymphoma)
          allo(Transplant: allogenic/autologus)

Frequency‚
Row Pct  ‚
Col Pct  ‚       0‚       1‚  Total
ƒƒƒƒƒƒƒƒƒˆƒƒƒƒƒƒƒƒˆƒƒƒƒƒƒƒƒˆ
       0 ‚     12 ‚     11 ‚     23
         ‚  52.17 ‚  47.83 ‚
         ‚  44.44 ‚  68.75 ‚
ƒƒƒƒƒƒƒƒƒˆƒƒƒƒƒƒƒƒˆƒƒƒƒƒƒƒƒˆ
       1 ‚     15 ‚      5 ‚     20
         ‚  75.00 ‚  25.00 ‚
         ‚  55.56 ‚  31.25 ‚
ƒƒƒƒƒƒƒƒƒˆƒƒƒƒƒƒƒƒˆƒƒƒƒƒƒƒƒˆ
Total          27       16       43
Descriptive stats for t variable by censored status             15:10 Sunday, November 28, 2021   4

Status: 1=dead or relapsed , 0= otherwise=0

The MEANS Procedure

     Analysis Variable : time Leukemia-free survival (in days)
 
 N            Mean         Std Dev         Minimum         Maximum
ƒƒƒƒƒƒƒƒƒƒƒƒƒƒƒƒƒƒƒƒƒƒƒƒƒƒƒƒƒƒƒƒƒƒƒƒƒƒƒƒƒƒƒƒƒƒƒƒƒƒƒƒƒƒƒƒƒƒƒƒƒƒƒƒƒƒ
17     937.7058824     616.7837713     180.0000000         2144.00
ƒƒƒƒƒƒƒƒƒƒƒƒƒƒƒƒƒƒƒƒƒƒƒƒƒƒƒƒƒƒƒƒƒƒƒƒƒƒƒƒƒƒƒƒƒƒƒƒƒƒƒƒƒƒƒƒƒƒƒƒƒƒƒƒƒƒ


Status: 1=dead or relapsed , 0= otherwise=1

     Analysis Variable : time Leukemia-free survival (in days)
 
 N            Mean         Std Dev         Minimum         Maximum
ƒƒƒƒƒƒƒƒƒƒƒƒƒƒƒƒƒƒƒƒƒƒƒƒƒƒƒƒƒƒƒƒƒƒƒƒƒƒƒƒƒƒƒƒƒƒƒƒƒƒƒƒƒƒƒƒƒƒƒƒƒƒƒƒƒƒ
26     101.2692308     115.9253407       2.0000000     524.0000000
ƒƒƒƒƒƒƒƒƒƒƒƒƒƒƒƒƒƒƒƒƒƒƒƒƒƒƒƒƒƒƒƒƒƒƒƒƒƒƒƒƒƒƒƒƒƒƒƒƒƒƒƒƒƒƒƒƒƒƒƒƒƒƒƒƒƒ
