Estimates for Fitted Models                                     15:22 Sunday, November 28, 2021   1

_MODEL_    _NAME_    _TYPE_    _DIST_          _STATUS_      _LNLIKE_    time    Intercept

   a        time     PARMS     Weibull        0 Converged    -61.8748     -1      0.36150 
   b        time     PARMS     Exponential    0 Converged    -63.4316     -1      0.67258 
   c        time     PARMS     Gamma          0 Converged    -61.0859     -1      0.38091 
   d        time     PARMS     LLogistic      0 Converged    -61.4275     -1      0.34305 
   e        time     PARMS     Lognormal      0 Converged    -61.0958     -1      0.30587 

_MODEL_      allo     hodgkins     kscore       wtime     _SCALE_    _SHAPE1_

   a       0.32123    -1.23998    0.078376    0.010085    1.30190      .     
   b       0.23325    -1.18831    0.074274    0.008980    1.00000      .     
   c       0.41069    -1.21024    0.065097    0.014272    1.66174    -0.15838
   d       0.47122    -1.30243    0.068114    0.012378    0.94716      .     
   e       0.44971    -1.19920    0.067635    0.013538    1.63355      .     
