Variable `control` created                                      18:08 Sunday, November 28, 2021   1

The CONTENTS Procedure

Data Set Name        WORK.BMT                      Observations          43
Member Type          DATA                          Variables             8 
Engine               V9                            Indexes               0 
Created              11/28/2021 18:08:09           Observation Length    64
Last Modified        11/28/2021 18:08:09           Deleted Observations  0 
Protection                                         Compressed            NO
Data Set Type                                      Sorted                NO
Label                                                                      
Data Representation  WINDOWS_64                                            
Encoding             wlatin1  Western (Windows)                            


                                 Engine/Host Dependent Information

Data Set Page Size          65536                                                                  
Number of Data Set Pages    1                                                                      
First Data Page             1                                                                      
Max Obs per Page            1021                                                                   
Obs in First Data Page      43                                                                     
Number of Data Set Repairs  0                                                                      
ExtendObsCounter            YES                                                                    
Filename                    C:\Users\agalecki\AppData\Local\Temp\SAS Temporary                     
                            Files\_TD2672_LTGER047_\bmt.sas7bdat                                   
Release Created             9.0401M4                                                               
Host Created                X64_10PRO                                                              
Owner Name                  UMHS\agalecki                                                          
File Size                   128KB                                                                  
File Size (bytes)           131072                                                                 


               Alphabetic List of Variables and Attributes
 
#    Variable    Type    Len    Label

1    allo        Num       8    Transplant: allogenic/autologus          
8    control     Num       8                                             
2    hodgkins    Num       8    Hodgkins disease/Non-Hodgkins lymphoma   
7    idx         Num       8                                             
5    kscore      Num       8    The pretransplant Karnofsky score        
4    status      Num       8    Status: 1=dead or relapsed , 0= otherwise
3    time        Num       8    Leukemia-free survival (in days)         
6    wtime       Num       8    Waiting time to transplant (in months)   
a: Weibull model. Predicted values.                             18:08 Sunday, November 28, 2021   2

The LIFEREG Procedure

                          Model Information

Data Set                        WORK.BMT                             
Dependent Variable             Log(time)    Leukemia-free survival   
                                            (in days)                
Censoring Variable                status    Status: 1=dead or        
                                            relapsed , 0= otherwise  
Censoring Value(s)                     0                             
Number of Observations                43                             
Noncensored Values                    26                             
Right Censored Values                 17                             
Left Censored Values                   0                             
Interval Censored Values               0                             
Number of Parameters                   6                             
Name of Distribution             Weibull                             
Log Likelihood              -61.87478404                             


Number of Observations Read          43
Number of Observations Used          43


   Class Level Information
 
Name          Levels    Values

allo               2    0 1   
hodgkins           2    0 1   


           Fit Statistics

-2 Log Likelihood             123.750
AIC (smaller is better)       135.750
AICC (smaller is better)      138.083
BIC (smaller is better)       146.317


     Fit Statistics (Unlogged Response)

-2 Log Likelihood                     336.951
Weibull AIC (smaller is better)       348.951
Weibull AICC (smaller is better)      351.285
Weibull BIC (smaller is better)       359.519


Algorithm converged.                                                       
a: Weibull model. Predicted values.                             18:08 Sunday, November 28, 2021   3

The LIFEREG Procedure

         Type III Analysis of Effects
 
                             Wald
Effect           DF    Chi-Square    Pr > ChiSq

allo              1        0.3016        0.5829
hodgkins          1        3.5452        0.0597
kscore            1       40.8204        <.0001
wtime             1        1.1314        0.2875


           Analysis of Maximum Likelihood Parameter Estimates
 
                            Standard   95% Confidence     Chi-
Parameter       DF Estimate    Error       Limits       Square Pr > ChiSq

Intercept        1  -0.5573   1.1052  -2.7235   1.6090    0.25     0.6141
allo          0  1  -0.3212   0.5849  -1.4677   0.8252    0.30     0.5829
allo          1  0   0.0000    .        .        .         .        .    
hodgkins      0  1   1.2400   0.6586  -0.0508   2.5307    3.55     0.0597
hodgkins      1  0   0.0000    .        .        .         .        .    
kscore           1   0.0784   0.0123   0.0543   0.1024   40.82     <.0001
wtime            1   0.0101   0.0095  -0.0085   0.0287    1.13     0.2875
Scale            1   1.3019   0.2083   0.9515   1.7813                   
Weibull Shape    1   0.7681   0.1229   0.5614   1.0510                   
b: Log-normal model. Predicted values                           18:08 Sunday, November 28, 2021   4

The LIFEREG Procedure

                          Model Information

Data Set                        WORK.BMT                             
Dependent Variable             Log(time)    Leukemia-free survival   
                                            (in days)                
Censoring Variable                status    Status: 1=dead or        
                                            relapsed , 0= otherwise  
Censoring Value(s)                     0                             
Number of Observations                43                             
Noncensored Values                    26                             
Right Censored Values                 17                             
Left Censored Values                   0                             
Interval Censored Values               0                             
Number of Parameters                   6                             
Name of Distribution           Lognormal                             
Log Likelihood              -61.09577117                             


Number of Observations Read          43
Number of Observations Used          43


   Class Level Information
 
Name          Levels    Values

allo               2    0 1   
hodgkins           2    0 1   


           Fit Statistics

-2 Log Likelihood             122.192
AIC (smaller is better)       134.192
AICC (smaller is better)      136.525
BIC (smaller is better)       144.759


      Fit Statistics (Unlogged Response)

-2 Log Likelihood                       335.393
Lognormal AIC (smaller is better)       347.393
Lognormal AICC (smaller is better)      349.727
Lognormal BIC (smaller is better)       357.961


Algorithm converged.                                                       
b: Log-normal model. Predicted values                           18:08 Sunday, November 28, 2021   5

The LIFEREG Procedure

         Type III Analysis of Effects
 
                             Wald
Effect           DF    Chi-Square    Pr > ChiSq

allo              1        0.5622        0.4534
hodgkins          1        3.0519        0.0806
kscore            1       21.1254        <.0001
wtime             1        1.4085        0.2353


           Analysis of Maximum Likelihood Parameter Estimates
 
                            Standard   95% Confidence     Chi-
Parameter       DF Estimate    Error       Limits       Square Pr > ChiSq

Intercept        1  -0.4436   1.1283  -2.6551   1.7678    0.15     0.6942
allo          0  1  -0.4497   0.5998  -1.6252   0.7258    0.56     0.4534
allo          1  0   0.0000    .        .        .         .        .    
hodgkins      0  1   1.1992   0.6865  -0.1462   2.5446    3.05     0.0806
hodgkins      1  0   0.0000    .        .        .         .        .    
kscore           1   0.0676   0.0147   0.0388   0.0965   21.13     <.0001
wtime            1   0.0135   0.0114  -0.0088   0.0359    1.41     0.2353
Scale            1   1.6336   0.2448   1.2177   2.1913                   
Quantile Estimates and Confidence Limits                        18:08 Sunday, November 28, 2021   6

       h                          p
       o              c           r
       d  s   k       o   _       e
       g  t   s   w   n   P       d                   l                  u         l
    a  k  a   c   t   t   R       t                   t        s         p         o
 i  l  i  t   o   i   r   O       i         s         i        t         p         w
 d  l  n  u   r   m   o   B       m         t         m        d         e         e
 x  o  s  s   e   e   l   _       e         d         e        e         r         r

14  0  0  1  30    9  1  0.1      0.88      0.74  -0.12622  0.84343       3.51     0.22
14  0  0  1  30    9  1  0.5     10.24      6.53   2.32637  0.63737      29.13     3.60
14  0  0  1  30    9  1  0.9     48.88     29.83   3.88936  0.61024     132.97    17.97
41  0  1  0  90  171  1  0.1    144.04    172.69   4.97007  1.19891    1028.95    20.16
41  0  1  0  90  171  1  0.5   1673.48   1942.93   7.42266  1.16101   11234.21   249.29
41  0  1  0  90  171  1  0.9   7987.65   9623.54   8.98565  1.20480   57614.36  1107.41
11  1  0  0  90    5  1  0.1    128.67     85.71   4.85722  0.66612     383.62    43.15
11  1  0  0  90    5  1  0.5   1494.89    852.56   7.30981  0.57032    3809.02   586.69
11  1  0  0  90    5  1  0.9   7135.22   4570.86   8.87280  0.64061   20402.06  2495.40
27  1  1  1  60  102  1  0.1      9.43      8.53   2.24418  0.90482      41.60     2.14
27  1  1  1  60  102  1  0.5    109.59     89.02   4.69677  0.81232     415.29    28.92
27  1  1  1  60  102  1  0.9    523.09    443.63   6.25976  0.84808    2101.93   130.18
14  0  0  1  30    9  1  0.1      1.44      1.33   0.36327  0.92829       6.59     0.31
14  0  0  1  30    9  1  0.5     11.67      9.78   2.45675  0.83827      46.13     2.95
14  0  0  1  30    9  1  0.9     94.65     81.46   4.55023  0.86057     388.22    23.08
41  0  1  0  90  171  1  0.1    224.81    305.51   5.41524  1.35898    2088.00    24.20
41  0  1  0  90  171  1  0.5   1823.89   2495.11   7.50872  1.36802   17193.37   193.48
41  0  1  0  90  171  1  0.9  14797.43  21407.96   9.60221  1.44674  158713.28  1379.62
11  1  0  0  90    5  1  0.1    123.58     80.24   4.81691  0.64927     358.42    42.61
11  1  0  0  90    5  1  0.5   1002.64    651.55   6.91039  0.64984    2910.63   345.38
11  1  0  0  90    5  1  0.9   8134.55   6404.73   9.00388  0.78735   29588.14  2236.40
27  1  1  1  60  102  1  0.1     18.21     15.00   2.90182  0.82411      70.34     4.71
27  1  1  1  60  102  1  0.5    147.72    118.03   4.99530  0.79903     547.69    39.84
27  1  1  1  60  102  1  0.9   1198.45   1068.32   7.08878  0.89142    5170.46   277.79
