Variale `control` created                                                                         1

The CONTENTS Procedure

Data Set Name        WORK.BMT                      Observations          137
Member Type          DATA                          Variables             7  
Engine               V9                            Indexes               0  
Created              10/30/2021 16:46:40           Observation Length    64 
Last Modified        10/30/2021 16:46:40           Deleted Observations  0  
Protection                                         Compressed            NO 
Data Set Type                                      Sorted                NO 
Label                                                                       
Data Representation  WINDOWS_64                                             
Encoding             wlatin1  Western (Windows)                             


                                 Engine/Host Dependent Information

Data Set Page Size          65536                                                                  
Number of Data Set Pages    1                                                                      
First Data Page             1                                                                      
Max Obs per Page            1021                                                                   
Obs in First Data Page      137                                                                    
Number of Data Set Repairs  0                                                                      
ExtendObsCounter            YES                                                                    
Filename                    C:\Users\agalecki\AppData\Local\Temp\SAS Temporary                     
                            Files\_TD8908_LTGER047_\bmt.sas7bdat                                   
Release Created             9.0401M4                                                               
Host Created                X64_10PRO                                                              
Owner Name                  UMHS\agalecki                                                          
File Size                   128KB                                                                  
File Size (bytes)           131072                                                                 


            Alphabetic List of Variables and Attributes
 
#    Variable    Type    Len    Label

1    Group       Char     13    Disease Group                     
3    Status      Num       8    Event Indictor: 1=Event 0=Censored
2    T           Num       8    Disease-Free Survival Time        
7    control     Num       8                                      
4    idx         Num       8                                      
6    xb          Num       8                                      
5    xb0         Num       8                                      
a: Weibull model. Predicted values.                                                               2

The LIFEREG Procedure

                          Model Information

Data Set                        WORK.BMT                             
Dependent Variable                Log(T)    Disease-Free             
                                            Survival Time            
Censoring Variable                Status    Event Indictor: 1=Event  
                                            0=Censored               
Censoring Value(s)                     0                             
Number of Observations               137                             
Noncensored Values                    83                             
Right Censored Values                 54                             
Left Censored Values                   0                             
Interval Censored Values               0                             
Number of Parameters                   5                             
Name of Distribution             Weibull                             
Log Likelihood              -226.4283634                             


Number of Observations Read         137
Number of Observations Used         137


              Class Level Information
 
Name       Levels    Values

Group           3    ALL AML-High Risk AML-Low Risk 


           Fit Statistics

-2 Log Likelihood             452.857
AIC (smaller is better)       462.857
AICC (smaller is better)      463.315
BIC (smaller is better)       477.457


     Fit Statistics (Unlogged Response)

-2 Log Likelihood                    1301.032
Weibull AIC (smaller is better)      1311.032
Weibull AICC (smaller is better)     1311.490
Weibull BIC (smaller is better)      1325.632


Algorithm converged.                                                       


a: Weibull model. Predicted values.                                                               3

The LIFEREG Procedure

         Type III Analysis of Effects
 
                             Wald
Effect           DF    Chi-Square    Pr > ChiSq

Group             2        1.4006        0.4964
xb                1        0.1983        0.6561


                 Analysis of Maximum Likelihood Parameter Estimates
 
                                        Standard   95% Confidence     Chi-
Parameter                   DF Estimate    Error       Limits       Square Pr > ChiSq

Intercept                    1   7.2485   1.9306   3.4646  11.0324   14.10     0.0002
Group         ALL            1  -1.9897   2.0118  -5.9327   1.9533    0.98     0.3227
Group         AML-High Risk  1  -3.3045   3.9255 -10.9984   4.3894    0.71     0.3999
Group         AML-Low Risk   0   0.0000    .        .        .         .        .    
xb                           1   0.8589   1.9290  -2.9219   4.6398    0.20     0.6561
Scale                        1   1.6295   0.1521   1.3570   1.9567                   
Weibull Shape                1   0.6137   0.0573   0.5111   0.7369                   
b: Log-normal model. Predicted values                                                             4

The LIFEREG Procedure

                          Model Information

Data Set                        WORK.BMT                             
Dependent Variable                Log(T)    Disease-Free             
                                            Survival Time            
Censoring Variable                Status    Event Indictor: 1=Event  
                                            0=Censored               
Censoring Value(s)                     0                             
Number of Observations               137                             
Noncensored Values                    83                             
Right Censored Values                 54                             
Left Censored Values                   0                             
Interval Censored Values               0                             
Number of Parameters                   5                             
Name of Distribution           Lognormal                             
Log Likelihood              -219.2104111                             


Number of Observations Read         137
Number of Observations Used         137


              Class Level Information
 
Name       Levels    Values

Group           3    ALL AML-High Risk AML-Low Risk 


           Fit Statistics

-2 Log Likelihood             438.421
AIC (smaller is better)       448.421
AICC (smaller is better)      448.879
BIC (smaller is better)       463.021


      Fit Statistics (Unlogged Response)

-2 Log Likelihood                      1286.596
Lognormal AIC (smaller is better)      1296.596
Lognormal AICC (smaller is better)     1297.054
Lognormal BIC (smaller is better)      1311.196


Algorithm converged.                                                       


b: Log-normal model. Predicted values                                                             5

The LIFEREG Procedure

         Type III Analysis of Effects
 
                             Wald
Effect           DF    Chi-Square    Pr > ChiSq

Group             2        2.3115        0.3148
xb                1        0.9923        0.3192


                 Analysis of Maximum Likelihood Parameter Estimates
 
                                        Standard   95% Confidence     Chi-
Parameter                   DF Estimate    Error       Limits       Square Pr > ChiSq

Intercept                    1   5.4010   2.0192   1.4434   9.3586    7.15     0.0075
Group         ALL            1  -3.1018   2.0861  -7.1905   0.9869    2.21     0.1370
Group         AML-High Risk  1  -5.7173   4.0996 -13.7523   2.3178    1.94     0.1631
Group         AML-Low Risk   0   0.0000    .        .        .         .        .    
xb                           1   2.0092   2.0170  -1.9441   5.9626    0.99     0.3192
Scale                        1   2.0343   0.1726   1.7227   2.4024                   
Quantile Estimates and Confidence Limits                                                          6

                                               p
                                   c           r
                    S              o   _       e
           G        t              n   P       d                  l                  u         l
           r        a              t   R       t                  t        s         p         o
 i         o        t  x           r   O       i         s        i        t         p         w
 d         u        u  b     x     o   B       m         t        m        d         e         e
 x         p        s  0     b     l   _       e         d        e        e         r         r

 28  ALL            1  2  1.84436  1  0.1     23.95     13.11   3.1761  0.54730     58.77      9.76
 28  ALL            1  2  1.84436  1  0.5    515.83    231.59   6.2458  0.44896   1077.15    247.02
 28  ALL            1  2  1.84436  1  0.9   3648.29   1729.94   8.2020  0.47418   7939.99   1676.33
 26  ALL            1  2  2.18424  1  0.1     32.07     18.17   3.4681  0.56664     81.24     12.66
 26  ALL            1  2  2.18424  1  0.5    690.70    335.98   6.5377  0.48644   1533.74    311.05
 26  ALL            1  2  2.18424  1  0.9   4885.09   2531.32   8.4939  0.51817  11427.15   2088.37
111  AML-High Risk  1  3  2.83397  1  0.1     15.05      8.52   2.7113  0.56626     38.09      5.95
111  AML-High Risk  1  3  2.83397  1  0.5    324.07    143.20   5.7809  0.44188    668.90    157.00
111  AML-High Risk  1  3  2.83397  1  0.9   2292.00   1027.73   7.7372  0.44840   4781.71   1098.61
106  AML-High Risk  1  3  3.22957  1  0.1     21.14     12.93   3.0511  0.61148     57.62      7.75
106  AML-High Risk  1  3  3.22957  1  0.5    455.20    233.99   6.1207  0.51403   1057.59    195.92
106  AML-High Risk  1  3  3.22957  1  0.9   3219.46   1703.72   8.0770  0.52920   7668.29   1351.66
 54  AML-Low Risk   0  1  0.75683  1  0.1     68.84     42.03   4.2317  0.61061    187.38     25.29
 54  AML-Low Risk   0  1  0.75683  1  0.5   1482.32    816.72   7.3014  0.55098   3659.08    600.50
 54  AML-Low Risk   0  1  0.75683  1  0.9  10483.89   6159.15   9.2576  0.58749  27476.17   4000.26
 48  AML-Low Risk   0  1  1.20452  1  0.1    101.11     58.65   4.6162  0.58001    261.77     39.06
 48  AML-Low Risk   0  1  1.20452  1  0.5   2177.42   1162.27   7.6859  0.53378   5225.47    907.31
 48  AML-Low Risk   0  1  1.20452  1  0.9  15400.02   8950.92   9.6421  0.58123  39948.13   5936.72
 28  ALL            1  2  1.84436  1  0.1     29.90     14.81   3.3978  0.49529     67.36     13.27
 28  ALL            1  2  1.84436  1  0.5    405.43    189.78   6.0049  0.46810    873.60    188.15
 28  ALL            1  2  1.84436  1  0.9   5497.43   2964.44   8.6120  0.53924  13311.60   2270.33
 26  ALL            1  2  2.18424  1  0.1     59.19     31.97   4.0807  0.54006    143.52     24.41
 26  ALL            1  2  2.18424  1  0.5    802.59    416.84   6.6878  0.51937   1881.09    342.43
 26  ALL            1  2  2.18424  1  0.9  10882.74   6398.56   9.2949  0.58796  28543.36   4149.27
111  AML-High Risk  1  3  2.83397  1  0.1     15.97      8.13   2.7707  0.50903     36.80      6.93
111  AML-High Risk  1  3  2.83397  1  0.5    216.55    102.18   5.3778  0.47184    469.50     99.89
111  AML-High Risk  1  3  2.83397  1  0.9   2936.39   1564.91   7.9849  0.53293   7037.09   1225.28
106  AML-High Risk  1  3  3.22957  1  0.1     35.36     20.26   3.5656  0.57289     90.48     13.82
106  AML-High Risk  1  3  3.22957  1  0.5    479.48    261.17   6.1727  0.54470   1171.46    196.25
106  AML-High Risk  1  3  3.22957  1  0.9   6501.52   3917.48   8.7798  0.60255  17465.28   2420.21
 54  AML-Low Risk   0  1  0.75683  1  0.1     74.78     43.17   4.3145  0.57726    192.72     29.02
 54  AML-Low Risk   0  1  0.75683  1  0.5   1013.98    575.41   6.9216  0.56747   2571.63    399.81
 54  AML-Low Risk   0  1  0.75683  1  0.9  13749.17   8789.65   9.5287  0.63929  39228.63   4818.92
 48  AML-Low Risk   0  1  1.20452  1  0.1    183.84    100.73   5.2141  0.54792    451.53     74.85
 48  AML-Low Risk   0  1  1.20452  1  0.5   2492.77   1353.12   7.8212  0.54282   6071.54   1023.45
 48  AML-Low Risk   0  1  1.20452  1  0.9  33801.01  21025.77  10.4282  0.62205  93751.31  12186.59
