a: Estimates for Weibull model                                  16:18 Sunday, November 21, 2021   1

The LIFEREG Procedure

                          Model Information

Data Set                       WORK.BMT2                             
Dependent Variable             Log(time)    Leukemia-free survival   
                                            (in days)                
Censoring Variable                status    Status: 1=dead or        
                                            relapsed , 0= otherwise  
Censoring Value(s)                     0                             
Number of Observations                43                             
Noncensored Values                    26                             
Right Censored Values                 17                             
Left Censored Values                   0                             
Interval Censored Values               0                             
Number of Parameters                   6                             
Name of Distribution             Weibull                             
Log Likelihood              -61.87478404                             


Number of Observations Read          43
Number of Observations Used          43


           Fit Statistics

-2 Log Likelihood             123.750
AIC (smaller is better)       135.750
AICC (smaller is better)      138.083
BIC (smaller is better)       146.317


     Fit Statistics (Unlogged Response)

-2 Log Likelihood                     336.951
Weibull AIC (smaller is better)       348.951
Weibull AICC (smaller is better)      351.285
Weibull BIC (smaller is better)       359.519


Algorithm converged.                                                       


         Type III Analysis of Effects
 
                             Wald
Effect           DF    Chi-Square    Pr > ChiSq

allo              1        0.3016        0.5829
hodgkins          1        3.5452        0.0597
kscore            1       40.8204        <.0001
wtime             1        1.1314        0.2875
a: Estimates for Weibull model                                  16:18 Sunday, November 21, 2021   2

The LIFEREG Procedure

          Analysis of Maximum Likelihood Parameter Estimates
 
                          Standard   95% Confidence     Chi-
Parameter     DF Estimate    Error       Limits       Square Pr > ChiSq

Intercept      1   0.3615   0.8859  -1.3748   2.0978    0.17     0.6832
allo           1   0.3212   0.5849  -0.8252   1.4677    0.30     0.5829
hodgkins       1  -1.2400   0.6586  -2.5307   0.0508    3.55     0.0597
kscore         1   0.0784   0.0123   0.0543   0.1024   40.82     <.0001
wtime          1   0.0101   0.0095  -0.0085   0.0287    1.13     0.2875
Scale          1   1.3019   0.2083   0.9515   1.7813                   
Weibull Shape  1   0.7681   0.1229   0.5614   1.0510                   
b: Estimates for exponential model                              16:18 Sunday, November 21, 2021   3

The LIFEREG Procedure

                          Model Information

Data Set                       WORK.BMT2                             
Dependent Variable             Log(time)    Leukemia-free survival   
                                            (in days)                
Censoring Variable                status    Status: 1=dead or        
                                            relapsed , 0= otherwise  
Censoring Value(s)                     0                             
Number of Observations                43                             
Noncensored Values                    26                             
Right Censored Values                 17                             
Left Censored Values                   0                             
Interval Censored Values               0                             
Number of Parameters                   5                             
Name of Distribution         Exponential                             
Log Likelihood               -63.4316167                             


Number of Observations Read          43
Number of Observations Used          43


           Fit Statistics

-2 Log Likelihood             126.863
AIC (smaller is better)       136.863
AICC (smaller is better)      138.485
BIC (smaller is better)       145.669


       Fit Statistics (Unlogged Response)

-2 Log Likelihood                         340.065
Exponential AIC (smaller is better)       350.065
Exponential AICC (smaller is better)      351.687
Exponential BIC (smaller is better)       358.871


Algorithm converged.                                                       


         Type III Analysis of Effects
 
                             Wald
Effect           DF    Chi-Square    Pr > ChiSq

allo              1        0.2471        0.6191
hodgkins          1        5.0232        0.0250
kscore            1       63.0227        <.0001
wtime             1        1.5896        0.2074
b: Estimates for exponential model                              16:18 Sunday, November 21, 2021   4

The LIFEREG Procedure

          Analysis of Maximum Likelihood Parameter Estimates
 
                          Standard   95% Confidence     Chi-
Parameter     DF Estimate    Error       Limits       Square Pr > ChiSq

Intercept      1   0.6726   0.6510  -0.6033   1.9485    1.07     0.3015
allo           1   0.2332   0.4692  -0.6864   1.1529    0.25     0.6191
hodgkins       1  -1.1883   0.5302  -2.2275  -0.1491    5.02     0.0250
kscore         1   0.0743   0.0094   0.0559   0.0926   63.02     <.0001
wtime          1   0.0090   0.0071  -0.0050   0.0229    1.59     0.2074
Scale          0   1.0000   0.0000   1.0000   1.0000                   
Weibull Shape  0   1.0000   0.0000   1.0000   1.0000                   


    Lagrange Multiplier Statistics
 
Parameter     Chi-Square    Pr > ChiSq

Scale             2.2690        0.1320
c: Estimates for gamma model                                    16:18 Sunday, November 21, 2021   5

The LIFEREG Procedure

                          Model Information

Data Set                       WORK.BMT2                             
Dependent Variable             Log(time)    Leukemia-free survival   
                                            (in days)                
Censoring Variable                status    Status: 1=dead or        
                                            relapsed , 0= otherwise  
Censoring Value(s)                     0                             
Number of Observations                43                             
Noncensored Values                    26                             
Right Censored Values                 17                             
Left Censored Values                   0                             
Interval Censored Values               0                             
Number of Parameters                   7                             
Name of Distribution               Gamma                             
Log Likelihood              -61.08586921                             


Number of Observations Read          43
Number of Observations Used          43


           Fit Statistics

-2 Log Likelihood             122.172
AIC (smaller is better)       136.172
AICC (smaller is better)      139.372
BIC (smaller is better)       148.500


    Fit Statistics (Unlogged Response)

-2 Log Likelihood                   335.374
Gamma AIC (smaller is better)       349.374
Gamma AICC (smaller is better)      352.574
Gamma BIC (smaller is better)       361.702


Algorithm converged.                                                       


         Type III Analysis of Effects
 
                             Wald
Effect           DF    Chi-Square    Pr > ChiSq

allo              1        0.3414        0.5590
hodgkins          1        2.9784        0.0844
kscore            1        6.4232        0.0113
wtime             1        1.1855        0.2762
c: Estimates for gamma model                                    16:18 Sunday, November 21, 2021   6

The LIFEREG Procedure

          Analysis of Maximum Likelihood Parameter Estimates
 
                          Standard   95% Confidence     Chi-
Parameter     DF Estimate    Error       Limits       Square Pr > ChiSq

Intercept      1   0.3809   1.4322  -2.4261   3.1879    0.07     0.7903
allo           1   0.4107   0.7029  -0.9670   1.7884    0.34     0.5590
hodgkins       1  -1.2102   0.7013  -2.5847   0.1642    2.98     0.0844
kscore         1   0.0651   0.0257   0.0148   0.1154    6.42     0.0113
wtime          1   0.0143   0.0131  -0.0114   0.0400    1.19     0.2762
Scale          1   1.6617   0.3086   1.1547   2.3913                   
Shape          1  -0.1584   1.2259  -2.5611   2.2443                   
d: Estimates for log-logistic model                             16:18 Sunday, November 21, 2021   7

The LIFEREG Procedure

                          Model Information

Data Set                       WORK.BMT2                             
Dependent Variable             Log(time)    Leukemia-free survival   
                                            (in days)                
Censoring Variable                status    Status: 1=dead or        
                                            relapsed , 0= otherwise  
Censoring Value(s)                     0                             
Number of Observations                43                             
Noncensored Values                    26                             
Right Censored Values                 17                             
Left Censored Values                   0                             
Interval Censored Values               0                             
Number of Parameters                   6                             
Name of Distribution           LLogistic                             
Log Likelihood              -61.42753603                             


Number of Observations Read          43
Number of Observations Used          43


           Fit Statistics

-2 Log Likelihood             122.855
AIC (smaller is better)       134.855
AICC (smaller is better)      137.188
BIC (smaller is better)       145.422


      Fit Statistics (Unlogged Response)

-2 Log Likelihood                       336.057
LLogistic AIC (smaller is better)       348.057
LLogistic AICC (smaller is better)      350.390
LLogistic BIC (smaller is better)       358.624


Algorithm converged.                                                       


         Type III Analysis of Effects
 
                             Wald
Effect           DF    Chi-Square    Pr > ChiSq

allo              1        0.6203        0.4309
hodgkins          1        3.7532        0.0527
kscore            1       22.8195        <.0001
wtime             1        1.3125        0.2520
d: Estimates for log-logistic model                             16:18 Sunday, November 21, 2021   8

The LIFEREG Procedure

          Analysis of Maximum Likelihood Parameter Estimates
 
                          Standard   95% Confidence     Chi-
Parameter     DF Estimate    Error       Limits       Square Pr > ChiSq

Intercept      1   0.3431   1.1571  -1.9249   2.6110    0.09     0.7669
allo           1   0.4712   0.5983  -0.7014   1.6439    0.62     0.4309
hodgkins       1  -1.3024   0.6723  -2.6201   0.0152    3.75     0.0527
kscore         1   0.0681   0.0143   0.0402   0.0961   22.82     <.0001
wtime          1   0.0124   0.0108  -0.0088   0.0336    1.31     0.2520
Scale          1   0.9472   0.1577   0.6834   1.3127                   
e: Estimates for log-normal                                     16:18 Sunday, November 21, 2021   9

The LIFEREG Procedure

                          Model Information

Data Set                       WORK.BMT2                             
Dependent Variable             Log(time)    Leukemia-free survival   
                                            (in days)                
Censoring Variable                status    Status: 1=dead or        
                                            relapsed , 0= otherwise  
Censoring Value(s)                     0                             
Number of Observations                43                             
Noncensored Values                    26                             
Right Censored Values                 17                             
Left Censored Values                   0                             
Interval Censored Values               0                             
Number of Parameters                   6                             
Name of Distribution           Lognormal                             
Log Likelihood              -61.09577117                             


Number of Observations Read          43
Number of Observations Used          43


           Fit Statistics

-2 Log Likelihood             122.192
AIC (smaller is better)       134.192
AICC (smaller is better)      136.525
BIC (smaller is better)       144.759


      Fit Statistics (Unlogged Response)

-2 Log Likelihood                       335.393
Lognormal AIC (smaller is better)       347.393
Lognormal AICC (smaller is better)      349.727
Lognormal BIC (smaller is better)       357.961


Algorithm converged.                                                       


         Type III Analysis of Effects
 
                             Wald
Effect           DF    Chi-Square    Pr > ChiSq

allo              1        0.5622        0.4534
hodgkins          1        3.0519        0.0806
kscore            1       21.1254        <.0001
wtime             1        1.4085        0.2353
e: Estimates for log-normal                                     16:18 Sunday, November 21, 2021  10

The LIFEREG Procedure

          Analysis of Maximum Likelihood Parameter Estimates
 
                          Standard   95% Confidence     Chi-
Parameter     DF Estimate    Error       Limits       Square Pr > ChiSq

Intercept      1   0.3059   1.2183  -2.0820   2.6938    0.06     0.8018
allo           1   0.4497   0.5998  -0.7258   1.6252    0.56     0.4534
hodgkins       1  -1.1992   0.6865  -2.5446   0.1462    3.05     0.0806
kscore         1   0.0676   0.0147   0.0388   0.0965   21.13     <.0001
wtime          1   0.0135   0.0114  -0.0088   0.0359    1.41     0.2353
Scale          1   1.6336   0.2448   1.2177   2.1913                   
Estimates for Fitted Models                                     16:18 Sunday, November 21, 2021  11

_MODEL_    _NAME_       _TYPE_    _DIST_          _STATUS_      _LNLIKE_      time      Intercept

   a       time         PARMS     Weibull        0 Converged    -61.8748    -1.00000      0.36150
   a       Intercept    COV       Weibull        0 Converged    -61.8748     0.36150      0.78476
   a       allo         COV       Weibull        0 Converged    -61.8748     0.32123     -0.20337
   a       hodgkins     COV       Weibull        0 Converged    -61.8748    -1.23998     -0.11361
   a       kscore       COV       Weibull        0 Converged    -61.8748     0.07838     -0.00892
   a       wtime        COV       Weibull        0 Converged    -61.8748     0.01008      0.00029
   a       Scale        COV       Weibull        0 Converged    -61.8748     1.30190     -0.04486
   b       time         PARMS     Exponential    0 Converged    -63.4316    -1.00000      0.67258
   b       Intercept    COV       Exponential    0 Converged    -63.4316     0.67258      0.42377
   b       allo         COV       Exponential    0 Converged    -63.4316     0.23325     -0.10013
   b       hodgkins     COV       Exponential    0 Converged    -63.4316    -1.18831     -0.06429
   b       kscore       COV       Exponential    0 Converged    -63.4316     0.07427     -0.00479
   b       wtime        COV       Exponential    0 Converged    -63.4316     0.00898      0.00022
   b       Scale        COV       Exponential    0 Converged    -63.4316     1.00000      0.00000
   c       time         PARMS     Gamma          0 Converged    -61.0859    -1.00000      0.38091
   c       Intercept    COV       Gamma          0 Converged    -61.0859     0.38091      2.05115
   c       allo         COV       Gamma          0 Converged    -61.0859     0.41069     -0.64361
   c       hodgkins     COV       Gamma          0 Converged    -61.0859    -1.21024     -0.30449
   c       kscore       COV       Gamma          0 Converged    -61.0859     0.06510     -0.03159
   c       wtime        COV       Gamma          0 Converged    -61.0859     0.01427      0.00484
   c       Scale        COV       Gamma          0 Converged    -61.0859     1.66174      0.07367
   c       Shape1       COV       Gamma          0 Converged    -61.0859    -0.15838     -0.84047
   d       time         PARMS     LLogistic      0 Converged    -61.4275    -1.00000      0.34305
   d       Intercept    COV       LLogistic      0 Converged    -61.4275     0.34305      1.33899

_MODEL_      allo      hodgkins      kscore       wtime       _SCALE_    _SHAPE1_

   a        0.32123    -1.23998     0.078376     0.010085     1.30190      .     
   a       -0.20337    -0.11361    -0.008918     0.000288    -0.04486      .     
   a        0.34216     0.14745     0.000140    -0.000132     0.01181      .     
   a        0.14745     0.43370    -0.000716    -0.002881    -0.00705      .     
   a        0.00014    -0.00072     0.000150    -0.000028     0.00064      .     
   a       -0.00013    -0.00288    -0.000028     0.000090     0.00016      .     
   a        0.01181    -0.00705     0.000640     0.000160     0.04337      .     
   b        0.23325    -1.18831     0.074274     0.008980     1.00000      .     
   b       -0.10013    -0.06429    -0.004790     0.000215     0.00000      .     
   b        0.22016     0.11688    -0.000532    -0.000075     0.00000      .     
   b        0.11688     0.28111    -0.000830    -0.001633     0.00000      .     
   b       -0.00053    -0.00083     0.000088    -0.000016     0.00000      .     
   b       -0.00008    -0.00163    -0.000016     0.000051     0.00000      .     
   b        0.00000     0.00000     0.000000     0.000000     0.00000      .     
   c        0.41069    -1.21024     0.065097     0.014272     1.66174    -0.15838
   c       -0.64361    -0.30449    -0.031589     0.004839     0.07367    -0.84047
   c        0.49407     0.10227     0.010852    -0.002634    -0.05538     0.44485
   c        0.10227     0.49176     0.004258    -0.005545    -0.01876     0.11474
   c        0.01085     0.00426     0.000660    -0.000166    -0.00291     0.02551
   c       -0.00263    -0.00554    -0.000166     0.000172     0.00118    -0.00717
   c       -0.05538    -0.01876    -0.002906     0.001184     0.09523    -0.22494
   c        0.44485     0.11474     0.025514    -0.007174    -0.22494     1.50284
   d        0.47122    -1.30243     0.068114     0.012378     0.94716      .     
   d       -0.38506    -0.21008    -0.014844     0.000999    -0.02591      .     
Estimates for Fitted Models                                     16:18 Sunday, November 21, 2021  12

_MODEL_    _NAME_       _TYPE_    _DIST_          _STATUS_      _LNLIKE_      time      Intercept

   d       allo         COV       LLogistic      0 Converged    -61.4275     0.47122     -0.38506
   d       hodgkins     COV       LLogistic      0 Converged    -61.4275    -1.30243     -0.21008
   d       kscore       COV       LLogistic      0 Converged    -61.4275     0.06811     -0.01484
   d       wtime        COV       LLogistic      0 Converged    -61.4275     0.01238      0.00100
   d       Scale        COV       LLogistic      0 Converged    -61.4275     0.94716     -0.02591
   e       time         PARMS     Lognormal      0 Converged    -61.0958    -1.00000      0.30587
   e       Intercept    COV       Lognormal      0 Converged    -61.0958     0.30587      1.48434
   e       allo         COV       Lognormal      0 Converged    -61.0958     0.44971     -0.37312
   e       hodgkins     COV       Lognormal      0 Converged    -61.0958    -1.19920     -0.22311
   e       kscore       COV       Lognormal      0 Converged    -61.0958     0.06763     -0.01629
   e       wtime        COV       Lognormal      0 Converged    -61.0958     0.01354      0.00071
   e       Scale        COV       Lognormal      0 Converged    -61.0958     1.63355     -0.05122

_MODEL_      allo      hodgkins      kscore       wtime       _SCALE_    _SHAPE1_

   d        0.35796     0.07791     0.003191    -0.000645     0.00468      .     
   d        0.07791     0.45197     0.001748    -0.004210     0.00113      .     
   d        0.00319     0.00175     0.000203    -0.000043     0.00042      .     
   d       -0.00064    -0.00421    -0.000043     0.000117     0.00008      .     
   d        0.00468     0.00113     0.000422     0.000077     0.02487      .     
   e        0.44971    -1.19920     0.067635     0.013538     1.63355      .     
   e       -0.37312    -0.22311    -0.016293     0.000705    -0.05122      .     
   e        0.35971     0.07515     0.002970    -0.000464     0.01007      .     
   e        0.07515     0.47121     0.001942    -0.004652    -0.00269      .     
   e        0.00297     0.00194     0.000217    -0.000041     0.00088      .     
   e       -0.00046    -0.00465    -0.000041     0.000130     0.00013      .     
   e        0.01007    -0.00269     0.000880     0.000133     0.05994      .     
